[
  {
    "code": "m0p5",
    "wall_affinity": -0.5,
    "side": "strong",
    "n_points": 2,
    "n_one_phase": 2,
    "n_boundary": 0,
    "n_two_phase": 0,
    "two_phase_fraction": 0.0,
    "longest_two_phase_run": 0,
    "min_signed_distance": 0.016782917561383053,
    "mean_signed_distance": 0.017247483288812183,
    "max_signed_distance": 0.017712049016241314,
    "status": "invalid",
    "reason": "fewer_than_five_points"
  },
  {
    "code": "m0p48",
    "wall_affinity": -0.48,
    "side": "strong",
    "n_points": 10,
    "n_one_phase": 10,
    "n_boundary": 0,
    "n_two_phase": 0,
    "two_phase_fraction": 0.0,
    "longest_two_phase_run": 0,
    "min_signed_distance": 0.015052927807828437,
    "mean_signed_distance": 0.01607349294332721,
    "max_signed_distance": 0.016484426297182202,
    "status": "valid",
    "reason": "one_phase_or_boundary_within_tolerance"
  },
  {
    "code": "m0p46",
    "wall_affinity": -0.46,
    "side": "strong",
    "n_points": 16,
    "n_one_phase": 16,
    "n_boundary": 0,
    "n_two_phase": 0,
    "two_phase_fraction": 0.0,
    "longest_two_phase_run": 0,
    "min_signed_distance": 0.013241929220252366,
    "mean_signed_distance": 0.014611784525732715,
    "max_signed_distance": 0.015302011336402225,
    "status": "valid",
    "reason": "one_phase_or_boundary_within_tolerance"
  },
  {
    "code": "m0p44",
    "wall_affinity": -0.44,
    "side": "strong",
    "n_points": 35,
    "n_one_phase": 35,
    "n_boundary": 0,
    "n_two_phase": 0,
    "two_phase_fraction": 0.0,
    "longest_two_phase_run": 0,
    "min_signed_distance": 0.01151867949642169,
    "mean_signed_distance": 0.012860645690145304,
    "max_signed_distance": 0.015096950284379192,
    "status": "valid",
    "reason": "one_phase_or_boundary_within_tolerance"
  },
  {
    "code": "m0p1",
    "wall_affinity": -0.1,
    "side": "weak",
    "n_points": 188,
    "n_one_phase": 15,
    "n_boundary": 126,
    "n_two_phase": 47,
    "two_phase_fraction": 0.25,
    "longest_two_phase_run": 47,
    "min_signed_distance": -0.0023883536624346976,
    "mean_signed_distance": -0.00019687943920711142,
    "max_signed_distance": 0.002219527922227403,
    "status": "invalid",
    "reason": "more_than_five_percent_on_two_phase_side"
  },
  {
    "code": "m0p08",
    "wall_affinity": -0.08,
    "side": "weak",
    "n_points": 127,
    "n_one_phase": 0,
    "n_boundary": 77,
    "n_two_phase": 50,
    "two_phase_fraction": 0.3937007874015748,
    "longest_two_phase_run": 49,
    "min_signed_distance": -0.0019930818579110537,
    "mean_signed_distance": -0.0008979657673844548,
    "max_signed_distance": 0.0002930118884742601,
    "status": "invalid",
    "reason": "more_than_five_percent_on_two_phase_side"
  },
  {
    "code": "m0p06",
    "wall_affinity": -0.06,
    "side": "weak",
    "n_points": 78,
    "n_one_phase": 0,
    "n_boundary": 26,
    "n_two_phase": 52,
    "two_phase_fraction": 0.6666666666666666,
    "longest_two_phase_run": 48,
    "min_signed_distance": -0.002794600989833941,
    "mean_signed_distance": -0.0017726537847665004,
    "max_signed_distance": -0.0009785866536610633,
    "status": "invalid",
    "reason": "more_than_five_percent_on_two_phase_side"
  },
  {
    "code": "m0p04",
    "wall_affinity": -0.04,
    "side": "weak",
    "n_points": 19,
    "n_one_phase": 0,
    "n_boundary": 0,
    "n_two_phase": 19,
    "two_phase_fraction": 1.0,
    "longest_two_phase_run": 19,
    "min_signed_distance": -0.003055515659520655,
    "mean_signed_distance": -0.0025741848538747038,
    "max_signed_distance": -0.002369800504962342,
    "status": "invalid",
    "reason": "more_than_five_percent_on_two_phase_side"
  },
  {
    "code": "m0p02",
    "wall_affinity": -0.02,
    "side": "weak_control",
    "n_points": 0,
    "n_one_phase": 0,
    "n_boundary": 0,
    "n_two_phase": 0,
    "two_phase_fraction": 0.0,
    "longest_two_phase_run": 0,
    "min_signed_distance": NaN,
    "mean_signed_distance": NaN,
    "max_signed_distance": NaN,
    "status": "no_prewetting",
    "reason": "no_crossings_in_existing_result"
  },
  {
    "code": "m0p01",
    "wall_affinity": -0.01,
    "side": "weak_control",
    "n_points": 0,
    "n_one_phase": 0,
    "n_boundary": 0,
    "n_two_phase": 0,
    "two_phase_fraction": 0.0,
    "longest_two_phase_run": 0,
    "min_signed_distance": NaN,
    "mean_signed_distance": NaN,
    "max_signed_distance": NaN,
    "status": "no_prewetting",
    "reason": "no_crossings_in_existing_result"
  },
  {
    "code": "m0p001",
    "wall_affinity": -0.001,
    "side": "weak_control",
    "n_points": 0,
    "n_one_phase": 0,
    "n_boundary": 0,
    "n_two_phase": 0,
    "two_phase_fraction": 0.0,
    "longest_two_phase_run": 0,
    "min_signed_distance": NaN,
    "mean_signed_distance": NaN,
    "max_signed_distance": NaN,
    "status": "no_prewetting",
    "reason": "no_crossings_in_existing_result"
  }
]
